---
source: src/builder/tests/delete/delete_rel.rs
expression: "sqlformat::format(query.as_str(), &sqlformat::QueryParams::None,\n                  sqlformat::FormatOptions::default())"

---
UPDATE
  "public"."peoples"
SET
  "favorite_color" = NULL
WHERE
  "public"."peoples"."id" = $1;
