---
source: src/tests/update/query_params.rs
expression: value

---
[
  {
    "id": "[uuid]",
    "type": "comments",
    "data": {
      "body": "Wasnt convinced..."
    }
  },
  {
    "id": "[uuid]",
    "type": "peoples",
    "related_type": "comments",
    "related_id": "[uuid]"
  }
]
