---
source: src/tests/update/query_params.rs
expression: value

---
[
  {
    "id": "[uuid]",
    "type": "peoples",
    "data": {
      "first-name": "Sicnarf"
    }
  }
]
