---
source: src/builder/tests/update/update_main.rs
expression: "sqlformat::format(query.as_str(), &sqlformat::QueryParams::None,\n                  sqlformat::FormatOptions::default())"

---
WITH "cte_peoples_update" AS (
  UPDATE
    "public"."peoples"
  SET
    "first-name" = $1,
    "gender" = $2
  WHERE
    "public"."peoples"."id" = $3 RETURNING *
),
"cte_peoples_data" AS (
  SELECT
    "cte_peoples_update"."id" :: TEXT AS "id",
    $4 :: TEXT AS "type",
    JSON_BUILD_OBJECT(
      $5,
      "cte_peoples_update"."age",
      $6,
      "cte_peoples_update"."first-name",
      $7,
      "cte_peoples_update"."gender",
      $8,
      "cte_peoples_update"."last-name",
      $9,
      "cte_peoples_update"."twitter"
    ) AS "data",
    "cte_peoples_update"."favorite_color" AS "rel_favorite_color"
  FROM
    "cte_peoples_update"
) (
  SELECT
    "cte_peoples_data"."id",
    "cte_peoples_data"."type",
    "cte_peoples_data"."data"
  FROM
    "cte_peoples_data"
);
