---
source: src/builder/tests/inserts/gen_values.rs
expression: "sqlformat::format(query.as_str(), &sqlformat::QueryParams::None,\n                  sqlformat::FormatOptions::default())"

---
($0 :: uuid),
($1 :: uuid);
