---
source: src/builder/tests/inserts/insert.rs
expression: "sqlformat::format(query.as_str(), &sqlformat::QueryParams::None,\n                  sqlformat::FormatOptions::default())"

---
WITH "cte_peoples_insert_0" AS (
  INSERT INTO
    "public"."peoples" ("first-name", "last-name", "favorite_color")
  VALUES
    ($1, $2, $3) RETURNING *
),
"cte_peoples_data_1" AS (
  SELECT
    "cte_peoples_insert_0"."id" :: TEXT AS "id",
    "cte_peoples_insert_0"."id" AS "main_id",
    NULL :: TEXT AS "related_id",
    NULL :: TEXT AS "related_type",
    $4 :: TEXT AS "type",
    JSON_BUILD_OBJECT(
      $5,
      "cte_peoples_insert_0"."age",
      $6,
      "cte_peoples_insert_0"."first-name",
      $7,
      "cte_peoples_insert_0"."gender",
      $8,
      "cte_peoples_insert_0"."last-name",
      $9,
      "cte_peoples_insert_0"."twitter"
    ) AS "data",
    "cte_peoples_insert_0"."favorite_color" AS "rel_favorite_color"
  FROM
    "cte_peoples_insert_0"
),
"cte_rel_favorite_color_data_2" AS (
  SELECT
    "public"."favorite_color"."id" :: TEXT AS "id",
    "public"."favorite_color"."id" AS "main_id",
    "cte_peoples_data_1"."id" :: TEXT AS "related_id",
    $10 :: TEXT AS "related_type",
    $11 :: TEXT AS "type",
    JSON_BUILD_OBJECT($12, "public"."favorite_color"."color") AS "data"
  FROM
    "public"."favorite_color"
    INNER JOIN "cte_peoples_data_1" ON "cte_peoples_data_1"."rel_favorite_color" = "public"."favorite_color"."id"
) (
  SELECT
    "cte_peoples_data_1"."id",
    "cte_peoples_data_1"."type",
    "cte_peoples_data_1"."data",
    "cte_peoples_data_1"."related_type",
    "cte_peoples_data_1"."related_id"
  FROM
    "cte_peoples_data_1"
)
UNION
ALL (
  SELECT
    "cte_rel_favorite_color_data_2"."id",
    "cte_rel_favorite_color_data_2"."type",
    "cte_rel_favorite_color_data_2"."data",
    "cte_rel_favorite_color_data_2"."related_type",
    "cte_rel_favorite_color_data_2"."related_id"
  FROM
    "cte_rel_favorite_color_data_2"
);
