---
source: src/builder/tests/select/select_main.rs
expression: "sqlformat::format(query.as_str(), &sqlformat::QueryParams::None,\n                  sqlformat::FormatOptions::default())"

---
WITH "cte_peoples_data" AS (
  SELECT
    "public"."peoples"."id" :: TEXT AS "id",
    $0 :: TEXT AS "type",
    JSON_BUILD_OBJECT(
      $1,
      "public"."peoples"."age",
      $2,
      "public"."peoples"."first-name",
      $3,
      "public"."peoples"."gender",
      $4,
      "public"."peoples"."last-name",
      $5,
      "public"."peoples"."twitter"
    ) AS "data"
  FROM
    "public"."peoples"
),
"cte_favorite_color_data" AS (
  SELECT
    "public"."favorite_color"."id" :: TEXT AS "id",
    $6 :: TEXT AS "type",
    NULL :: json AS "data"
  FROM
    "public"."favorite_color"
  WHERE
    "public"."favorite_color"."id" IN (
      SELECT
        "cte_peoples_data"."favorite_color"
      FROM
        "cte_peoples_data"
    )
),
"cte_rel_articles_rel_data" AS (
  SELECT
    "public"."people-article"."id" :: TEXT AS "id",
    $7 :: TEXT AS "type",
    NULL :: json AS "data"
  FROM
    "public"."people-article"
  WHERE
    "public"."people-article"."people_id" = "cte_peoples_data"."id"
),
"cte_rel_articles_data" AS (
  SELECT
    "public"."articles"."id" :: TEXT AS "id",
    $8 :: TEXT AS "type",
    NULL :: json AS "data"
  FROM
    "public"."articles"
  WHERE
    "public"."articles"."id" IN (
      SELECT
        "cte_rel_articles_rel_data"."article_id"
      FROM
        "cte_rel_articles_rel_data"
    )
)
SELECT
  *
FROM
  "cte_rel_articles_data"
UNION
ALL
SELECT
  *
FROM
  "cte_favorite_color_data"
UNION
ALL
SELECT
  *
FROM
  "cte_rel_articles_rel_data"
UNION
ALL
SELECT
  *
FROM
  "cte_peoples_data";
