---
source: src/builder/tests/gen_json_builder.rs
expression: res

---
(
    "NULL ",
    Ciboulette2SqlArguments {
        inner: [],
    },
)
