---
source: src/tests/select/select_success.rs
expression: value

---
[
  {
    "id": "[uuid]",
    "type": "articles",
    "data": null,
    "related": null
  },
  {
    "id": "[uuid]",
    "type": "articles",
    "data": null,
    "related": null
  }
]
