---
source: src/tests/select/mod.rs
expression: value

---
[
  {
    "id": "[uuid]",
    "type_": "peoples",
    "data": {
      "age": 22,
      "first-name": "Francis",
      "gender": "M",
      "last-name": "Le Roy",
      "twitter": null
    }
  }
]
