---
source: src/tests/select/query_params.rs
expression: value

---
[
  {
    "id": "[uuid]",
    "type": "author",
    "related_type": "comments",
    "related_id": "[uuid]"
  },
  {
    "id": "[uuid]",
    "type": "comments"
  }
]
