---
source: src/tests/select/select_success.rs
expression: value

---
[
  {
    "id": "[uuid]",
    "type": "articles",
    "related_type": "peoples",
    "related_id": "[uuid]"
  },
  {
    "id": "[uuid]",
    "type": "articles",
    "related_type": "peoples",
    "related_id": "[uuid]"
  }
]
