---
source: src/tests/select/query_params.rs
expression: value

---
[
  {
    "id": "[uuid]",
    "type": "peoples",
    "data": null
  }
]
